Run dir: results/full_plasticc_pretraining/cv\20260919-231212_baseline_repro  device: cuda
dev objects: 2434 (118 TDE) in 5 folds | locked test objects excluded: 609
scratch  seed 0 fold 0 | best epoch   4 (val loss 1.280) | PR-AUC -20d 0.070 0d 0.092 full 0.063 | 4s
scratch  seed 0 fold 1 | best epoch   6 (val loss 1.131) | PR-AUC -20d 0.070 0d 0.114 full 0.116 | 3s
scratch  seed 0 fold 2 | best epoch  33 (val loss 1.185) | PR-AUC -20d 0.134 0d 0.189 full 0.098 | 7s
scratch  seed 0 fold 3 | best epoch  16 (val loss 1.127) | PR-AUC -20d 0.069 0d 0.072 full 0.094 | 5s
scratch  seed 0 fold 4 | best epoch   3 (val loss 1.263) | PR-AUC -20d 0.050 0d 0.043 full 0.066 | 3s
scratch  seed 1 fold 0 | best epoch  11 (val loss 1.230) | PR-AUC -20d 0.094 0d 0.153 full 0.127 | 4s
scratch  seed 1 fold 1 | best epoch   9 (val loss 1.226) | PR-AUC -20d 0.086 0d 0.082 full 0.077 | 3s
scratch  seed 1 fold 2 | best epoch  33 (val loss 1.208) | PR-AUC -20d 0.124 0d 0.141 full 0.104 | 8s
scratch  seed 1 fold 3 | best epoch  16 (val loss 1.115) | PR-AUC -20d 0.085 0d 0.115 full 0.096 | 5s
scratch  seed 1 fold 4 | best epoch   4 (val loss 1.217) | PR-AUC -20d 0.063 0d 0.049 full 0.087 | 3s
scratch  seed 2 fold 0 | best epoch   5 (val loss 1.243) | PR-AUC -20d 0.094 0d 0.134 full 0.071 | 3s
scratch  seed 2 fold 1 | best epoch   6 (val loss 1.217) | PR-AUC -20d 0.069 0d 0.060 full 0.102 | 3s
scratch  seed 2 fold 2 | best epoch   4 (val loss 1.230) | PR-AUC -20d 0.120 0d 0.093 full 0.073 | 3s
scratch  seed 2 fold 3 | best epoch   4 (val loss 1.265) | PR-AUC -20d 0.074 0d 0.062 full 0.082 | 3s
scratch  seed 2 fold 4 | best epoch   2 (val loss 1.281) | PR-AUC -20d 0.075 0d 0.046 full 0.083 | 2s
frozen   seed 0 fold 0 | best epoch  29 (val loss 0.960) | PR-AUC -20d 0.118 0d 0.190 full 0.454 | 4s
frozen   seed 0 fold 1 | best epoch  22 (val loss 0.882) | PR-AUC -20d 0.188 0d 0.205 full 0.492 | 3s
frozen   seed 0 fold 2 | best epoch  50 (val loss 0.820) | PR-AUC -20d 0.154 0d 0.229 full 0.423 | 6s
frozen   seed 0 fold 3 | best epoch  29 (val loss 0.813) | PR-AUC -20d 0.159 0d 0.241 full 0.463 | 4s
frozen   seed 0 fold 4 | best epoch  38 (val loss 0.773) | PR-AUC -20d 0.143 0d 0.247 full 0.615 | 5s
frozen   seed 1 fold 0 | best epoch   3 (val loss 1.074) | PR-AUC -20d 0.095 0d 0.126 full 0.296 | 2s
frozen   seed 1 fold 1 | best epoch  70 (val loss 0.825) | PR-AUC -20d 0.219 0d 0.207 full 0.495 | 7s
frozen   seed 1 fold 2 | best epoch  45 (val loss 0.951) | PR-AUC -20d 0.153 0d 0.212 full 0.396 | 5s
frozen   seed 1 fold 3 | best epoch  32 (val loss 0.894) | PR-AUC -20d 0.124 0d 0.216 full 0.485 | 4s
frozen   seed 1 fold 4 | best epoch  23 (val loss 1.007) | PR-AUC -20d 0.129 0d 0.275 full 0.621 | 4s
frozen   seed 2 fold 0 | best epoch  32 (val loss 1.106) | PR-AUC -20d 0.115 0d 0.174 full 0.415 | 5s
frozen   seed 2 fold 1 | best epoch  96 (val loss 0.699) | PR-AUC -20d 0.230 0d 0.210 full 0.443 | 9s
frozen   seed 2 fold 2 | best epoch  33 (val loss 0.915) | PR-AUC -20d 0.166 0d 0.241 full 0.405 | 5s
frozen   seed 2 fold 3 | best epoch  27 (val loss 0.965) | PR-AUC -20d 0.140 0d 0.214 full 0.423 | 4s
frozen   seed 2 fold 4 | best epoch  19 (val loss 0.789) | PR-AUC -20d 0.131 0d 0.267 full 0.617 | 3s
finetune seed 0 fold 0 | best epoch   7 (val loss 1.010) | PR-AUC -20d 0.128 0d 0.189 full 0.381 | 3s
finetune seed 0 fold 1 | best epoch   6 (val loss 0.958) | PR-AUC -20d 0.140 0d 0.231 full 0.468 | 3s
finetune seed 0 fold 2 | best epoch  30 (val loss 0.822) | PR-AUC -20d 0.116 0d 0.179 full 0.492 | 7s
finetune seed 0 fold 3 | best epoch  13 (val loss 0.918) | PR-AUC -20d 0.148 0d 0.217 full 0.532 | 4s
finetune seed 0 fold 4 | best epoch  22 (val loss 0.723) | PR-AUC -20d 0.202 0d 0.291 full 0.633 | 6s
finetune seed 1 fold 0 | best epoch   5 (val loss 1.109) | PR-AUC -20d 0.109 0d 0.136 full 0.381 | 3s
finetune seed 1 fold 1 | best epoch   7 (val loss 0.961) | PR-AUC -20d 0.184 0d 0.155 full 0.543 | 3s
finetune seed 1 fold 2 | best epoch   8 (val loss 1.049) | PR-AUC -20d 0.158 0d 0.226 full 0.590 | 3s
finetune seed 1 fold 3 | best epoch   9 (val loss 0.957) | PR-AUC -20d 0.166 0d 0.256 full 0.535 | 4s
finetune seed 1 fold 4 | best epoch   8 (val loss 0.986) | PR-AUC -20d 0.220 0d 0.261 full 0.495 | 4s
finetune seed 2 fold 0 | best epoch   2 (val loss 1.195) | PR-AUC -20d 0.089 0d 0.104 full 0.162 | 2s
finetune seed 2 fold 1 | best epoch  14 (val loss 0.753) | PR-AUC -20d 0.169 0d 0.235 full 0.545 | 5s
finetune seed 2 fold 2 | best epoch   3 (val loss 1.172) | PR-AUC -20d 0.177 0d 0.212 full 0.418 | 3s
finetune seed 2 fold 3 | best epoch  10 (val loss 1.034) | PR-AUC -20d 0.150 0d 0.199 full 0.469 | 4s
finetune seed 2 fold 4 | best epoch  11 (val loss 0.843) | PR-AUC -20d 0.166 0d 0.235 full 0.516 | 4s

Pooled out-of-fold results, mean +/- std over seeds [0, 1, 2] (prevalence 0.048 = chance PR-AUC)

pr_auc:
               scratch           frozen         finetune
-50d   0.086 +/- 0.008  0.122 +/- 0.006  0.122 +/- 0.010
-20d   0.080 +/- 0.006  0.138 +/- 0.006  0.135 +/- 0.014
-10d   0.084 +/- 0.003  0.157 +/- 0.012  0.144 +/- 0.010
+0d    0.087 +/- 0.013  0.202 +/- 0.003  0.176 +/- 0.013
+20d   0.076 +/- 0.020  0.236 +/- 0.008  0.242 +/- 0.026
+50d   0.065 +/- 0.018  0.316 +/- 0.006  0.300 +/- 0.039
+100d  0.065 +/- 0.018  0.340 +/- 0.011  0.325 +/- 0.038
full   0.084 +/- 0.002  0.442 +/- 0.025  0.417 +/- 0.057

roc_auc:
               scratch           frozen         finetune
-50d   0.667 +/- 0.011  0.760 +/- 0.003  0.769 +/- 0.007
-20d   0.642 +/- 0.022  0.776 +/- 0.002  0.773 +/- 0.008
-10d   0.640 +/- 0.026  0.792 +/- 0.005  0.779 +/- 0.005
+0d    0.629 +/- 0.055  0.830 +/- 0.006  0.800 +/- 0.009
+20d   0.608 +/- 0.074  0.848 +/- 0.011  0.831 +/- 0.015
+50d   0.573 +/- 0.090  0.896 +/- 0.010  0.867 +/- 0.017
+100d  0.580 +/- 0.079  0.902 +/- 0.009  0.875 +/- 0.016
full   0.693 +/- 0.008  0.916 +/- 0.008  0.901 +/- 0.025

f1:
               scratch           frozen         finetune
-50d   0.136 +/- 0.004  0.171 +/- 0.005  0.178 +/- 0.002
-20d   0.132 +/- 0.002  0.178 +/- 0.003  0.180 +/- 0.002
-10d   0.136 +/- 0.002  0.189 +/- 0.002  0.183 +/- 0.005
+0d    0.120 +/- 0.024  0.223 +/- 0.011  0.192 +/- 0.008
+20d   0.090 +/- 0.059  0.256 +/- 0.011  0.212 +/- 0.018
+50d   0.085 +/- 0.074  0.316 +/- 0.012  0.283 +/- 0.048
+100d  0.105 +/- 0.044  0.330 +/- 0.009  0.316 +/- 0.056
full   0.143 +/- 0.007  0.342 +/- 0.016  0.359 +/- 0.069
