C:\Users\Dror\AppData\Local\Programs\Python\Python314\python.exe -u run_cv.py --config results/full_plasticc_pretraining\cv_config_merged.yaml --pretrained results/full_plasticc_pretraining/pretrain/20260919-231156_pretrain_plasticc_full_seed42/model.pt --modes frozen finetune --run-name full_plasticc
Run dir: results/full_plasticc_pretraining/cv\20260920-010521_full_plasticc  device: cuda
dev objects: 2434 (118 TDE) in 5 folds | locked test objects excluded: 609
frozen   seed 0 fold 0 | best epoch  29 (val loss 0.833) | PR-AUC -20d 0.240 0d 0.353 full 0.571 | 24s
frozen   seed 0 fold 1 | best epoch  52 (val loss 0.671) | PR-AUC -20d 0.222 0d 0.286 full 0.594 | 33s
frozen   seed 0 fold 2 | best epoch  46 (val loss 0.849) | PR-AUC -20d 0.155 0d 0.287 full 0.706 | 30s
frozen   seed 0 fold 3 | best epoch  35 (val loss 0.725) | PR-AUC -20d 0.272 0d 0.321 full 0.696 | 25s
frozen   seed 0 fold 4 | best epoch  38 (val loss 0.658) | PR-AUC -20d 0.248 0d 0.376 full 0.645 | 26s
frozen   seed 1 fold 0 | best epoch  12 (val loss 0.883) | PR-AUC -20d 0.246 0d 0.313 full 0.608 | 12s
frozen   seed 1 fold 1 | best epoch  42 (val loss 0.738) | PR-AUC -20d 0.247 0d 0.287 full 0.622 | 29s
frozen   seed 1 fold 2 | best epoch  45 (val loss 0.765) | PR-AUC -20d 0.143 0d 0.294 full 0.708 | 31s
frozen   seed 1 fold 3 | best epoch  32 (val loss 0.688) | PR-AUC -20d 0.211 0d 0.294 full 0.726 | 24s
frozen   seed 1 fold 4 | best epoch  32 (val loss 0.671) | PR-AUC -20d 0.226 0d 0.355 full 0.675 | 25s
frozen   seed 2 fold 0 | best epoch  26 (val loss 0.910) | PR-AUC -20d 0.265 0d 0.330 full 0.631 | 20s
frozen   seed 2 fold 1 | best epoch  22 (val loss 0.750) | PR-AUC -20d 0.259 0d 0.288 full 0.616 | 18s
frozen   seed 2 fold 2 | best epoch  30 (val loss 0.828) | PR-AUC -20d 0.157 0d 0.294 full 0.646 | 22s
frozen   seed 2 fold 3 | best epoch  22 (val loss 0.856) | PR-AUC -20d 0.186 0d 0.259 full 0.726 | 18s
frozen   seed 2 fold 4 | best epoch  60 (val loss 0.622) | PR-AUC -20d 0.280 0d 0.426 full 0.644 | 40s
finetune seed 0 fold 0 | best epoch   8 (val loss 0.945) | PR-AUC -20d 0.192 0d 0.288 full 0.500 | 15s
finetune seed 0 fold 1 | best epoch  11 (val loss 0.742) | PR-AUC -20d 0.238 0d 0.332 full 0.664 | 18s
finetune seed 0 fold 2 | best epoch  11 (val loss 0.870) | PR-AUC -20d 0.144 0d 0.325 full 0.664 | 20s
finetune seed 0 fold 3 | best epoch  10 (val loss 0.812) | PR-AUC -20d 0.175 0d 0.295 full 0.663 | 17s
finetune seed 0 fold 4 | best epoch  17 (val loss 0.676) | PR-AUC -20d 0.214 0d 0.370 full 0.757 | 24s
finetune seed 1 fold 0 | best epoch   6 (val loss 1.074) | PR-AUC -20d 0.178 0d 0.242 full 0.500 | 14s
finetune seed 1 fold 1 | best epoch   9 (val loss 0.846) | PR-AUC -20d 0.290 0d 0.328 full 0.706 | 16s
finetune seed 1 fold 2 | best epoch   8 (val loss 0.892) | PR-AUC -20d 0.125 0d 0.301 full 0.675 | 15s
finetune seed 1 fold 3 | best epoch  11 (val loss 0.721) | PR-AUC -20d 0.171 0d 0.227 full 0.741 | 18s
finetune seed 1 fold 4 | best epoch  11 (val loss 0.735) | PR-AUC -20d 0.211 0d 0.306 full 0.709 | 18s
finetune seed 2 fold 0 | best epoch   8 (val loss 1.004) | PR-AUC -20d 0.204 0d 0.245 full 0.514 | 15s
finetune seed 2 fold 1 | best epoch  11 (val loss 0.775) | PR-AUC -20d 0.320 0d 0.306 full 0.650 | 17s
finetune seed 2 fold 2 | best epoch  10 (val loss 0.834) | PR-AUC -20d 0.136 0d 0.339 full 0.674 | 17s
finetune seed 2 fold 3 | best epoch   8 (val loss 0.914) | PR-AUC -20d 0.117 0d 0.208 full 0.659 | 15s
finetune seed 2 fold 4 | best epoch  15 (val loss 0.593) | PR-AUC -20d 0.193 0d 0.425 full 0.756 | 21s

Pooled out-of-fold results, mean +/- std over seeds [0, 1, 2] (prevalence 0.048 = chance PR-AUC)

pr_auc:
                frozen         finetune
-50d   0.155 +/- 0.007  0.136 +/- 0.012
-20d   0.177 +/- 0.008  0.162 +/- 0.001
-10d   0.210 +/- 0.011  0.183 +/- 0.006
+0d    0.284 +/- 0.005  0.269 +/- 0.012
+20d   0.428 +/- 0.009  0.400 +/- 0.020
+50d   0.536 +/- 0.004  0.489 +/- 0.014
+100d  0.610 +/- 0.005  0.551 +/- 0.011
full   0.635 +/- 0.013  0.628 +/- 0.017

roc_auc:
                frozen         finetune
-50d   0.782 +/- 0.002  0.778 +/- 0.005
-20d   0.812 +/- 0.004  0.790 +/- 0.007
-10d   0.830 +/- 0.004  0.811 +/- 0.006
+0d    0.876 +/- 0.005  0.854 +/- 0.007
+20d   0.928 +/- 0.002  0.904 +/- 0.012
+50d   0.951 +/- 0.001  0.935 +/- 0.003
+100d  0.959 +/- 0.001  0.939 +/- 0.003
full   0.972 +/- 0.001  0.948 +/- 0.003

f1:
                frozen         finetune
-50d   0.195 +/- 0.003  0.195 +/- 0.002
-20d   0.210 +/- 0.001  0.197 +/- 0.002
-10d   0.219 +/- 0.002  0.204 +/- 0.003
+0d    0.267 +/- 0.006  0.246 +/- 0.009
+20d   0.418 +/- 0.009  0.386 +/- 0.026
+50d   0.483 +/- 0.003  0.484 +/- 0.013
+100d  0.525 +/- 0.018  0.511 +/- 0.014
full   0.570 +/- 0.012  0.551 +/- 0.022
Traceback (most recent call last):
  File [35m"C:\Projects\TDE-Workshop\run_cv_full_plasticc.py"[0m, line [35m49[0m, in [35m<module>[0m
    [31mmain[0m[1;31m()[0m
    [31m~~~~[0m[1;31m^^[0m
  File [35m"C:\Projects\TDE-Workshop\run_cv_full_plasticc.py"[0m, line [35m45[0m, in [35mmain[0m
    [31msubprocess.run[0m[1;31m(cmd, check=True)[0m
    [31m~~~~~~~~~~~~~~[0m[1;31m^^^^^^^^^^^^^^^^^[0m
  File [35m"C:\Users\Dror\AppData\Local\Programs\Python\Python314\Lib\subprocess.py"[0m, line [35m577[0m, in [35mrun[0m
    raise CalledProcessError(retcode, process.args,
                             output=stdout, stderr=stderr)
[1;35msubprocess.CalledProcessError[0m: [35mCommand '['C:\\Users\\Dror\\AppData\\Local\\Programs\\Python\\Python314\\python.exe', '-u', 'run_cv.py', '--config', 'results/full_plasticc_pretraining\\cv_config_merged.yaml', '--pretrained', 'results/full_plasticc_pretraining/pretrain/20260919-231156_pretrain_plasticc_full_seed42/model.pt', '--modes', 'frozen', 'finetune', '--run-name', 'full_plasticc']' returned non-zero exit status 3221226505.[0m
